background.jpg
http://wanliu-piano.b0.upaiyun.com/uploads/shop/poster/100159/7bb469bf4aebb62e66db6bd7ccbb2af8.jpg


introduction-bottom.png
http://wanliu-piano.b0.upaiyun.com/uploads/shop/poster/100159/3a4c3db9b8d16578ebd1b94b9cbcbb5b.png

introduction-mid.png
http://wanliu-piano.b0.upaiyun.com/uploads/shop/poster/100159/63b192bd0c0f282cb8215cf92554dfe2.png

introduction-top.png
http://wanliu-piano.b0.upaiyun.com/uploads/shop/poster/100159/8ca4d5a71c6b3e72734c6d238b5a88cf.png

left.png
http://wanliu-piano.b0.upaiyun.com/uploads/shop/poster/100159/ad6e3e53e50da45b695fa77107fadeb7.png

right.png
http://wanliu-piano.b0.upaiyun.com/uploads/shop/poster/100159/dd76c451418cab27154ff1c75d60f515.png

link-btn.png
http://wanliu-piano.b0.upaiyun.com/uploads/shop/poster/100159/38aab94f4796e5d98930f8a8eec5bae1.png

sales-end.png
http://wanliu-piano.b0.upaiyun.com/uploads/shop/poster/100159/e6a8515d9865627027e4047d5dad2514.png

list_top.jpg
http://wanliu-piano.b0.upaiyun.com/uploads/shop/poster/100159/1a147519bd2b1d9bebe7e3e7527869e3.jpg

one_money.png
http://wanliu-piano.b0.upaiyun.com/uploads/shop/poster/100159/da83c8cc9f765b3dd1fed079ddf8efa6.png

time-left.png
http://wanliu-piano.b0.upaiyun.com/uploads/shop/poster/100159/8a524adaeda9a3c7680ff6b3921cf3b3.png

time-right.png
http://wanliu-piano.b0.upaiyun.com/uploads/shop/poster/100159/b78d4c1bafb32ccc61c202c8574fc297.png

poster.jpg
http://wanliu-piano.b0.upaiyun.com/uploads/shop/poster/100159/3c6e051086bc13b4fccca045a3efe187.jpg


one_money_log.jpg

http://wanliu-piano.b0.upaiyun.com/uploads/shop/poster/100159/73be4db79919ba98fc1f9992d5d8c4d8.jpg


