background.jpg
http://wanliu-piano.b0.upaiyun.com/uploads/shop/poster/100159/7bb469bf4aebb62e66db6bd7ccbb2af8.jpg


introduction-bottom.png
http://wanliu-piano.b0.upaiyun.com/uploads/shop/poster/100159/3a4c3db9b8d16578ebd1b94b9cbcbb5b.png

introduction-mid.png
http://wanliu-piano.b0.upaiyun.com/uploads/shop/poster/100159/63b192bd0c0f282cb8215cf92554dfe2.png

introduction-top.png
http://wanliu-piano.b0.upaiyun.com/uploads/shop/poster/100159/8ca4d5a71c6b3e72734c6d238b5a88cf.png

left.png
http://wanliu-piano.b0.upaiyun.com/uploads/shop/poster/100159/ad6e3e53e50da45b695fa77107fadeb7.png

right.png
http://wanliu-piano.b0.upaiyun.com/uploads/shop/poster/100159/dd76c451418cab27154ff1c75d60f515.png

link-btn.png
http://wanliu-piano.b0.upaiyun.com/uploads/shop/poster/100159/38aab94f4796e5d98930f8a8eec5bae1.png

sales-end.png
http://wanliu-piano.b0.upaiyun.com/uploads/shop/poster/100159/e6a8515d9865627027e4047d5dad2514.png

list_top.jpg
http://wanliu-piano.b0.upaiyun.com/uploads/shop/poster/100159/1a147519bd2b1d9bebe7e3e7527869e3.jpg

one_money.png
http://wanliu-piano.b0.upaiyun.com/uploads/shop/poster/100159/da83c8cc9f765b3dd1fed079ddf8efa6.png

time-left.png
http://wanliu-piano.b0.upaiyun.com/uploads/shop/poster/100159/8a524adaeda9a3c7680ff6b3921cf3b3.png

time-right.png
http://wanliu-piano.b0.upaiyun.com/uploads/shop/poster/100159/b78d4c1bafb32ccc61c202c8574fc297.png

poster.jpg
http://wanliu-piano.b0.upaiyun.com/uploads/shop/poster/100159/3c6e051086bc13b4fccca045a3efe187.jpg

one_money_log.jpg
http://wanliu-piano.b0.upaiyun.com/uploads/shop/poster/100159/73be4db79919ba98fc1f9992d5d8c4d8.jpg

---
1元购-list
http://wanliu-piano.b0.upaiyun.com/uploads/shop/poster/100159/a329beccdfd82a9ef1cf20c0f4e7bbb4.jpg

5元购-list
http://wanliu-piano.b0.upaiyun.com/uploads/shop/poster/100159/543d1f60de9220e69d15b1260e66b4cf.jpg

10元购-list
http://wanliu-piano.b0.upaiyun.com/uploads/shop/poster/100159/427038b84edf7ff904fa572ad61f2048.jpg

---
1元购-title
http://wanliu-piano.b0.upaiyun.com/uploads/shop/poster/100159/481aaafb7b83a363fcfa6ccc06dba553.png

5元购-title
http://wanliu-piano.b0.upaiyun.com/uploads/shop/poster/100159/041c2e92da98b77da4c12da56a24973d.png

10元购-title
http://wanliu-piano.b0.upaiyun.com/uploads/shop/poster/100159/d5c5812d7409f7aac7d15366ecae4345.png

---
1元购-detail
http://wanliu-piano.b0.upaiyun.com/uploads/shop/poster/100159/43fcad2df2e5d45ed2c3282bfacb8c0d.png

5元购-detail
http://wanliu-piano.b0.upaiyun.com/uploads/shop/poster/100159/82079fea2fca02f0fb13ef755be8c47a.png

10元购-detail
http://wanliu-piano.b0.upaiyun.com/uploads/shop/poster/100159/145e9b4217f57c18c71be4afc1b80b34.png

